// Jest Snapshot v1, https://goo.gl/fbAQLP

exports[`<SkillCard /> component index expects component to match snapshot 1`] = `
ShallowWrapper {
  Symbol(enzyme.__root__): [Circular],
  Symbol(enzyme.__unrendered__): <SkillCard />,
  Symbol(enzyme.__renderer__): Object {
    "batchedUpdates": [Function],
    "getNode": [Function],
    "render": [Function],
    "simulateError": [Function],
    "simulateEvent": [Function],
    "unmount": [Function],
  },
  Symbol(enzyme.__node__): Object {
    "instance": null,
    "key": undefined,
    "nodeType": "function",
    "props": Object {
      "centered": undefined,
      "children": Array [
        <div
          className="skill-logo"
        >
          <img />
        </div>,
        <div
          className="skill-story"
        >
          <h3 />
          <p />
        </div>,
      ],
      "className": "SkillCard",
    },
    "ref": null,
    "rendered": Array [
      Object {
        "instance": null,
        "key": undefined,
        "nodeType": "host",
        "props": Object {
          "children": <img />,
          "className": "skill-logo",
        },
        "ref": null,
        "rendered": Object {
          "instance": null,
          "key": undefined,
          "nodeType": "host",
          "props": Object {
            "alt": undefined,
            "src": undefined,
          },
          "ref": null,
          "rendered": null,
          "type": "img",
        },
        "type": "div",
      },
      Object {
        "instance": null,
        "key": undefined,
        "nodeType": "host",
        "props": Object {
          "children": Array [
            <h3 />,
            <p />,
          ],
          "className": "skill-story",
        },
        "ref": null,
        "rendered": Array [
          Object {
            "instance": null,
            "key": undefined,
            "nodeType": "host",
            "props": Object {
              "children": undefined,
            },
            "ref": null,
            "rendered": null,
            "type": "h3",
          },
          Object {
            "instance": null,
            "key": undefined,
            "nodeType": "host",
            "props": Object {
              "children": undefined,
            },
            "ref": null,
            "rendered": null,
            "type": "p",
          },
        ],
        "type": "div",
      },
    ],
    "type": Object {
      "$$typeof": Symbol(react.forward_ref),
      "attrs": Array [],
      "componentStyle": ComponentStyle {
        "componentId": "sc-bdVaJa",
        "isStatic": false,
        "rules": Array [
          "
  display: ",
          [Function],
          ";
  align-items: ",
          [Function],
          ";
  margin: ",
          [Function],
          ";
  width: ",
          [Function],
          ";
  float: ",
          [Function],
          ";

  @media screen and (max-width: 768px) {
    width: ",
          [Function],
          ";
    height: auto;
    margin: ",
          [Function],
          ";
  }

  h3 {
    font-size: 1.4em;
    text-align: ",
          [Function],
          ";
  }
  p {
    font-weight: 300;
    text-align: ",
          [Function],
          ";
  }

  .skill-logo,
  .skill-story {
    display: ",
          [Function],
          ";
  }

  .skill-logo {
    display: flex;
    justify-content: center;
    align-items: center;
    width: ",
          [Function],
          ";
    height: ",
          [Function],
          ";
    margin-right: ",
          [Function],
          ";
    margin-bottom: ",
          [Function],
          ";
    text-align: ",
          [Function],
          ";

    img {
      width: ",
          [Function],
          ";
    }
  }

  .skill-story {
    h3 {
      margin-top: 0;
    }

    width: ",
          [Function],
          ";
    height: ",
          [Function],
          ";
    float: ",
          [Function],
          ";

    @media screen and (max-width: 1024px) {
      width: 100%;
    }
  }
",
        ],
      },
      "displayName": "styled.div",
      "foldedComponentIds": Array [],
      "render": [Function],
      "styledComponentId": "sc-bdVaJa",
      "target": "div",
      "toString": [Function],
      "warnTooManyClasses": [Function],
      "withComponent": [Function],
    },
  },
  Symbol(enzyme.__nodes__): Array [
    Object {
      "instance": null,
      "key": undefined,
      "nodeType": "function",
      "props": Object {
        "centered": undefined,
        "children": Array [
          <div
            className="skill-logo"
          >
            <img />
          </div>,
          <div
            className="skill-story"
          >
            <h3 />
            <p />
          </div>,
        ],
        "className": "SkillCard",
      },
      "ref": null,
      "rendered": Array [
        Object {
          "instance": null,
          "key": undefined,
          "nodeType": "host",
          "props": Object {
            "children": <img />,
            "className": "skill-logo",
          },
          "ref": null,
          "rendered": Object {
            "instance": null,
            "key": undefined,
            "nodeType": "host",
            "props": Object {
              "alt": undefined,
              "src": undefined,
            },
            "ref": null,
            "rendered": null,
            "type": "img",
          },
          "type": "div",
        },
        Object {
          "instance": null,
          "key": undefined,
          "nodeType": "host",
          "props": Object {
            "children": Array [
              <h3 />,
              <p />,
            ],
            "className": "skill-story",
          },
          "ref": null,
          "rendered": Array [
            Object {
              "instance": null,
              "key": undefined,
              "nodeType": "host",
              "props": Object {
                "children": undefined,
              },
              "ref": null,
              "rendered": null,
              "type": "h3",
            },
            Object {
              "instance": null,
              "key": undefined,
              "nodeType": "host",
              "props": Object {
                "children": undefined,
              },
              "ref": null,
              "rendered": null,
              "type": "p",
            },
          ],
          "type": "div",
        },
      ],
      "type": Object {
        "$$typeof": Symbol(react.forward_ref),
        "attrs": Array [],
        "componentStyle": ComponentStyle {
          "componentId": "sc-bdVaJa",
          "isStatic": false,
          "rules": Array [
            "
  display: ",
            [Function],
            ";
  align-items: ",
            [Function],
            ";
  margin: ",
            [Function],
            ";
  width: ",
            [Function],
            ";
  float: ",
            [Function],
            ";

  @media screen and (max-width: 768px) {
    width: ",
            [Function],
            ";
    height: auto;
    margin: ",
            [Function],
            ";
  }

  h3 {
    font-size: 1.4em;
    text-align: ",
            [Function],
            ";
  }
  p {
    font-weight: 300;
    text-align: ",
            [Function],
            ";
  }

  .skill-logo,
  .skill-story {
    display: ",
            [Function],
            ";
  }

  .skill-logo {
    display: flex;
    justify-content: center;
    align-items: center;
    width: ",
            [Function],
            ";
    height: ",
            [Function],
            ";
    margin-right: ",
            [Function],
            ";
    margin-bottom: ",
            [Function],
            ";
    text-align: ",
            [Function],
            ";

    img {
      width: ",
            [Function],
            ";
    }
  }

  .skill-story {
    h3 {
      margin-top: 0;
    }

    width: ",
            [Function],
            ";
    height: ",
            [Function],
            ";
    float: ",
            [Function],
            ";

    @media screen and (max-width: 1024px) {
      width: 100%;
    }
  }
",
          ],
        },
        "displayName": "styled.div",
        "foldedComponentIds": Array [],
        "render": [Function],
        "styledComponentId": "sc-bdVaJa",
        "target": "div",
        "toString": [Function],
        "warnTooManyClasses": [Function],
        "withComponent": [Function],
      },
    },
  ],
  Symbol(enzyme.__options__): Object {
    "adapter": ReactSixteenAdapter {
      "options": Object {
        "enableComponentDidUpdateOnSetState": true,
        "lifecycles": Object {
          "componentDidUpdate": Object {
            "onSetState": true,
          },
          "getDerivedStateFromProps": true,
          "getSnapshotBeforeUpdate": true,
          "setState": Object {
            "skipsComponentDidUpdateOnNullish": true,
          },
        },
      },
    },
  },
}
`;
