// Jest Snapshot v1, https://goo.gl/fbAQLP

exports[`<Button /> component index expects component to match snapshot 1`] = `
ShallowWrapper {
  Symbol(enzyme.__root__): [Circular],
  Symbol(enzyme.__unrendered__): <Button
    callRoute={[Function]}
  />,
  Symbol(enzyme.__renderer__): Object {
    "batchedUpdates": [Function],
    "getNode": [Function],
    "render": [Function],
    "simulateError": [Function],
    "simulateEvent": [Function],
    "unmount": [Function],
  },
  Symbol(enzyme.__node__): Object {
    "instance": null,
    "key": undefined,
    "nodeType": "function",
    "props": Object {
      "children": undefined,
      "className": "Button pure-u-lg-2-5 pure-u-sm-1",
      "onClick": [Function],
      "primary": undefined,
    },
    "ref": null,
    "rendered": null,
    "type": Object {
      "$$typeof": Symbol(react.forward_ref),
      "attrs": Array [],
      "componentStyle": ComponentStyle {
        "componentId": "sc-bdVaJa",
        "isStatic": false,
        "rules": Array [
          "
  display: inline-block;
  padding: 1em 2em;
  margin: 0 10px 10px 0;
  border-radius: 5px;
  background: #333;
  color: ",
          [Function],
          ";
  background: ",
          [Function],
          ";
  border: 1px solid #000;
  text-align: center;
  cursor: pointer;

  &:hover {
    background: ",
          [Function],
          ";
  }
",
        ],
      },
      "displayName": "styled.div",
      "foldedComponentIds": Array [],
      "render": [Function],
      "styledComponentId": "sc-bdVaJa",
      "target": "div",
      "toString": [Function],
      "warnTooManyClasses": [Function],
      "withComponent": [Function],
    },
  },
  Symbol(enzyme.__nodes__): Array [
    Object {
      "instance": null,
      "key": undefined,
      "nodeType": "function",
      "props": Object {
        "children": undefined,
        "className": "Button pure-u-lg-2-5 pure-u-sm-1",
        "onClick": [Function],
        "primary": undefined,
      },
      "ref": null,
      "rendered": null,
      "type": Object {
        "$$typeof": Symbol(react.forward_ref),
        "attrs": Array [],
        "componentStyle": ComponentStyle {
          "componentId": "sc-bdVaJa",
          "isStatic": false,
          "rules": Array [
            "
  display: inline-block;
  padding: 1em 2em;
  margin: 0 10px 10px 0;
  border-radius: 5px;
  background: #333;
  color: ",
            [Function],
            ";
  background: ",
            [Function],
            ";
  border: 1px solid #000;
  text-align: center;
  cursor: pointer;

  &:hover {
    background: ",
            [Function],
            ";
  }
",
          ],
        },
        "displayName": "styled.div",
        "foldedComponentIds": Array [],
        "render": [Function],
        "styledComponentId": "sc-bdVaJa",
        "target": "div",
        "toString": [Function],
        "warnTooManyClasses": [Function],
        "withComponent": [Function],
      },
    },
  ],
  Symbol(enzyme.__options__): Object {
    "adapter": ReactSixteenAdapter {
      "options": Object {
        "enableComponentDidUpdateOnSetState": true,
        "lifecycles": Object {
          "componentDidUpdate": Object {
            "onSetState": true,
          },
          "getDerivedStateFromProps": true,
          "getSnapshotBeforeUpdate": true,
          "setState": Object {
            "skipsComponentDidUpdateOnNullish": true,
          },
        },
      },
    },
  },
}
`;
